Démarrage du pipeline...
[CONFIG] DATE_THRESHOLD = 2026-06-30T00:00:00+00:00 (lu depuis RAG_START_DATE dans .env)
==================================================
   DÉMARRAGE DU PIPELINE COMPLET STMicroelectronics
==================================================

--- ÉTAPE 1 : SCAN DES CATÉGORIES ---
Authentification en cours (Scan)...
[AUTH] Utilisation du token en cache (valide).
Token obtenu. Démarrage du scan à partir de la date : 2026-06-30T00:00:00Z

Cette opération va paginer l'API (cela peut prendre un petit moment)...

Scan des Product Forums...
  - ID  25 | Items récents :  141 | Nom : STM32 MCUs Products
  - ID  26 | Items récents :   28 | Nom : STM32 MCUs Boards and hardware tools
  - ID  28 | Items récents :   46 | Nom : STM32CubeIDE (MCUs)
  - ID  29 | Items récents :   68 | Nom : STM32CubeMX (MCUs)
  - ID  30 | Items récents :   25 | Nom : STM32CubeProgrammer (MCUs)
  - ID  31 | Items récents :    2 | Nom : STM32CubeMonitor (MCUs)
  - ID  32 | Items récents :  133 | Nom : STM32 MCUs Embedded software
  - ID  33 | Items récents :   20 | Nom : STM32 MCUs TouchGFX and GUI
  - ID  34 | Items récents :   40 | Nom : STM32 MCUs Motor control
  - ID  35 | Items récents :   46 | Nom : STM32 MCUs Wireless
  - ID  36 | Items récents :   29 | Nom : STM32 MCUs Security
  - ID  39 | Items récents :   33 | Nom : STM32 MPUs Products and hardware related
  - ID  46 | Items récents :   24 | Nom : STM32 MPUs Embedded software and solutions
  - ID  48 | Items récents :   37 | Nom : MEMS (sensors)
  - ID  49 | Items récents :   34 | Nom : Imaging (sensors)
  - ID  50 | Items récents :    0 | Nom : Analog and audio
  - ID  51 | Items récents :   10 | Nom : Automotive MCUs
  - ID  52 | Items récents :   13 | Nom : Interface and connectivity ICs
  - ID  53 | Items récents :   31 | Nom : Power management
  - ID  54 | Items récents :   14 | Nom : ST25 NFC/RFID tags and readers
  - ID  57 | Items récents :   29 | Nom : Others: hardware and software
  - ID 118 | Items récents :   59 | Nom : Feedback forum
  - ID 120 | Items récents :    4 | Nom : GNSS positioning
  - ID 121 | Items récents :    1 | Nom : AutoDevKit Ecosystem
  - ID 133 | Items récents :   23 | Nom : STM32CubeIDE for Visual Studio Code (MCUs)
  - ID 134 | Items récents :   37 | Nom : Edge AI
  - ID 138 | Items récents :   14 | Nom : STM32 MPUs Software development tools
  - ID 142 | Items récents :   31 | Nom : Others: STM32 MCUs related
  - ID 151 | Items récents :   24 | Nom : STM32CubeMX2 (MCUs)

Scan de la Knowledge Base...
  - ID  60 | Items récents :    8 | Nom : STM32 MCUs
  - ID  61 | Items récents :    1 | Nom : STM32 MPUs
  - ID  62 | Items récents :    1 | Nom : MEMS and sensors
  - ID  63 | Items récents :    0 | Nom : Analog and audio
  - ID  64 | Items récents :    0 | Nom : EMI filtering and signal conditioning
  - ID  65 | Items récents :    0 | Nom : Interface and connectivity ICs
  - ID  66 | Items récents :    0 | Nom : Power management
  - ID  68 | Items récents :    0 | Nom : Quality & reliability

[OK] Scan terminé ! Le rapport filtré sur 2026-06-30T00:00:00Z a été sauvegardé dans : C:\Users\user\Desktop\st_community_poc\logs\scan_report_20260812_134503.txt

[SCAN] Forums avec items récents (28/29) : ['25', '26', '28', '29', '30', '31', '32', '33', '34', '35', '36', '39', '46', '48', '49', '51', '52', '53', '54', '57', '118', '120', '121', '133', '134', '138', '142', '151']
[SCAN] KB avec items récents     (3/8) : ['60', '61', '62']

--- ÉTAPE 2 : EXTRACTION ---
[EXTRACT] Ciblage forum depuis scan : 28/29 catégories actives.
[EXTRACT] Ciblage KB depuis scan    : 3/8 catégories actives.
Démarrage du pipeline d'extraction (catégories ciblées)...
[AUTH] Demande de token à https://api2-eu-west-1.insided.com/oauth2/token (méthode: basic)...
[AUTH] Token obtenu et sauvegardé dans le cache.

=== KNOWLEDGE BASE (3 catégories) ===

[KB-60] Collecte sur categoryId=60 (cible : 99999 items)...
[KB-60] Page 1 : 100 items reçus.
[KB-60] Page 2 : 100 items reçus.
[KB-60] Page 2 : aucun item après 2026-06-30 -> arrêt anticipé.
[KB-60] Terminé : 8/99999 items trouvés.
[OK] KB-60 : 8 fichier(s) écrit(s) dans C:\Users\user\Desktop\st_community_poc\output\knowledge_base

[KB-61] Collecte sur categoryId=61 (cible : 99999 items)...
[KB-61] Page 1 : 19 items reçus.
[KB-61] Page 2 vide -> fin de la catégorie 61.
[KB-61] Terminé : 1/99999 items trouvés.
[OK] KB-61 : 1 fichier(s) écrit(s) dans C:\Users\user\Desktop\st_community_poc\output\knowledge_base

[KB-62] Collecte sur categoryId=62 (cible : 99999 items)...
[KB-62] Page 1 : 83 items reçus.
[KB-62] Page 2 vide -> fin de la catégorie 62.
[KB-62] Terminé : 1/99999 items trouvés.
[OK] KB-62 : 1 fichier(s) écrit(s) dans C:\Users\user\Desktop\st_community_poc\output\knowledge_base

=== FORUMS (28 catégories) ===

[Forum-25] Collecte sur categoryId=25 (cible : 99999 items)...
[Forum-25] Page 1 : 100 items reçus.
[Forum-25] Page 2 : 100 items reçus.
[Forum-25] Page 3 : 100 items reçus.
[Forum-25] Page 3 : aucun item après 2026-06-30 -> arrêt anticipé.
[Forum-25] Terminé : 141/99999 items trouvés.
[OK] Forum-25 : 141 fichier(s) écrit(s) dans C:\Users\user\Desktop\st_community_poc\output\forums

[Forum-26] Collecte sur categoryId=26 (cible : 99999 items)...
[Forum-26] Page 1 : 100 items reçus.
[Forum-26] Page 2 : 100 items reçus.
[Forum-26] Page 2 : aucun item après 2026-06-30 -> arrêt anticipé.
[Forum-26] Terminé : 28/99999 items trouvés.
[OK] Forum-26 : 28 fichier(s) écrit(s) dans C:\Users\user\Desktop\st_community_poc\output\forums

[Forum-28] Collecte sur categoryId=28 (cible : 99999 items)...
[Forum-28] Page 1 : 100 items reçus.
[Forum-28] Page 2 : 100 items reçus.
[Forum-28] Page 2 : aucun item après 2026-06-30 -> arrêt anticipé.
[Forum-28] Terminé : 46/99999 items trouvés.
[OK] Forum-28 : 46 fichier(s) écrit(s) dans C:\Users\user\Desktop\st_community_poc\output\forums

[Forum-29] Collecte sur categoryId=29 (cible : 99999 items)...
[Forum-29] Page 1 : 100 items reçus.
[Forum-29] Page 2 : 100 items reçus.
[Forum-29] Page 2 : aucun item après 2026-06-30 -> arrêt anticipé.
[Forum-29] Terminé : 68/99999 items trouvés.
[OK] Forum-29 : 68 fichier(s) écrit(s) dans C:\Users\user\Desktop\st_community_poc\output\forums

[Forum-30] Collecte sur categoryId=30 (cible : 99999 items)...
[Forum-30] Page 1 : 100 items reçus.
[Forum-30] Page 2 : 100 items reçus.
[Forum-30] Page 2 : aucun item après 2026-06-30 -> arrêt anticipé.
[Forum-30] Terminé : 25/99999 items trouvés.
[OK] Forum-30 : 25 fichier(s) écrit(s) dans C:\Users\user\Desktop\st_community_poc\output\forums

[Forum-31] Collecte sur categoryId=31 (cible : 99999 items)...
[Forum-31] Page 1 : 100 items reçus.
[Forum-31] Page 2 : 100 items reçus.
[Forum-31] Page 2 : aucun item après 2026-06-30 -> arrêt anticipé.
[Forum-31] Terminé : 2/99999 items trouvés.
[OK] Forum-31 : 2 fichier(s) écrit(s) dans C:\Users\user\Desktop\st_community_poc\output\forums

[Forum-32] Collecte sur categoryId=32 (cible : 99999 items)...
[Forum-32] Page 1 : 100 items reçus.
[Forum-32] Page 2 : 100 items reçus.
[Forum-32] Page 3 : 100 items reçus.
[Forum-32] Page 3 : aucun item après 2026-06-30 -> arrêt anticipé.
[Forum-32] Terminé : 133/99999 items trouvés.
[OK] Forum-32 : 133 fichier(s) écrit(s) dans C:\Users\user\Desktop\st_community_poc\output\forums

[Forum-33] Collecte sur categoryId=33 (cible : 99999 items)...
[Forum-33] Page 1 : 100 items reçus.
[Forum-33] Page 2 : 100 items reçus.
[Forum-33] Page 2 : aucun item après 2026-06-30 -> arrêt anticipé.
[Forum-33] Terminé : 20/99999 items trouvés.
[OK] Forum-33 : 20 fichier(s) écrit(s) dans C:\Users\user\Desktop\st_community_poc\output\forums

[Forum-34] Collecte sur categoryId=34 (cible : 99999 items)...
[Forum-34] Page 1 : 100 items reçus.
[Forum-34] Page 2 : 100 items reçus.
[Forum-34] Page 2 : aucun item après 2026-06-30 -> arrêt anticipé.
[Forum-34] Terminé : 40/99999 items trouvés.
[OK] Forum-34 : 40 fichier(s) écrit(s) dans C:\Users\user\Desktop\st_community_poc\output\forums

[Forum-35] Collecte sur categoryId=35 (cible : 99999 items)...
[Forum-35] Page 1 : 100 items reçus.
[Forum-35] Page 2 : 100 items reçus.
[Forum-35] Page 2 : aucun item après 2026-06-30 -> arrêt anticipé.
[Forum-35] Terminé : 46/99999 items trouvés.
[OK] Forum-35 : 46 fichier(s) écrit(s) dans C:\Users\user\Desktop\st_community_poc\output\forums

[Forum-36] Collecte sur categoryId=36 (cible : 99999 items)...
[Forum-36] Page 1 : 100 items reçus.
[Forum-36] Page 2 : 100 items reçus.
[Forum-36] Page 2 : aucun item après 2026-06-30 -> arrêt anticipé.
[Forum-36] Terminé : 29/99999 items trouvés.
[OK] Forum-36 : 29 fichier(s) écrit(s) dans C:\Users\user\Desktop\st_community_poc\output\forums

[Forum-39] Collecte sur categoryId=39 (cible : 99999 items)...
[Forum-39] Page 1 : 100 items reçus.
[Forum-39] Page 2 : 100 items reçus.
[Forum-39] Page 2 : aucun item après 2026-06-30 -> arrêt anticipé.
[Forum-39] Terminé : 33/99999 items trouvés.
[OK] Forum-39 : 33 fichier(s) écrit(s) dans C:\Users\user\Desktop\st_community_poc\output\forums

[Forum-46] Collecte sur categoryId=46 (cible : 99999 items)...
[Forum-46] Page 1 : 100 items reçus.
[Forum-46] Page 2 : 100 items reçus.
[Forum-46] Page 2 : aucun item après 2026-06-30 -> arrêt anticipé.
[Forum-46] Terminé : 24/99999 items trouvés.
[OK] Forum-46 : 24 fichier(s) écrit(s) dans C:\Users\user\Desktop\st_community_poc\output\forums

[Forum-48] Collecte sur categoryId=48 (cible : 99999 items)...
[Forum-48] Page 1 : 100 items reçus.
[Forum-48] Page 2 : 100 items reçus.
[Forum-48] Page 2 : aucun item après 2026-06-30 -> arrêt anticipé.
[Forum-48] Terminé : 37/99999 items trouvés.
[OK] Forum-48 : 37 fichier(s) écrit(s) dans C:\Users\user\Desktop\st_community_poc\output\forums

[Forum-49] Collecte sur categoryId=49 (cible : 99999 items)...
[Forum-49] Page 1 : 100 items reçus.
[Forum-49] Page 2 : 100 items reçus.
[Forum-49] Page 2 : aucun item après 2026-06-30 -> arrêt anticipé.
[Forum-49] Terminé : 34/99999 items trouvés.
[OK] Forum-49 : 34 fichier(s) écrit(s) dans C:\Users\user\Desktop\st_community_poc\output\forums

[Forum-51] Collecte sur categoryId=51 (cible : 99999 items)...
[Forum-51] Page 1 : 100 items reçus.
[Forum-51] Page 2 : 100 items reçus.
[Forum-51] Page 2 : aucun item après 2026-06-30 -> arrêt anticipé.
[Forum-51] Terminé : 10/99999 items trouvés.
[OK] Forum-51 : 10 fichier(s) écrit(s) dans C:\Users\user\Desktop\st_community_poc\output\forums

[Forum-52] Collecte sur categoryId=52 (cible : 99999 items)...
[Forum-52] Page 1 : 100 items reçus.
[Forum-52] Page 2 : 100 items reçus.
[Forum-52] Page 2 : aucun item après 2026-06-30 -> arrêt anticipé.
[Forum-52] Terminé : 13/99999 items trouvés.
[OK] Forum-52 : 13 fichier(s) écrit(s) dans C:\Users\user\Desktop\st_community_poc\output\forums

[Forum-53] Collecte sur categoryId=53 (cible : 99999 items)...
[Forum-53] Page 1 : 100 items reçus.
[Forum-53] Page 2 : 100 items reçus.
[Forum-53] Page 2 : aucun item après 2026-06-30 -> arrêt anticipé.
[Forum-53] Terminé : 31/99999 items trouvés.
[OK] Forum-53 : 31 fichier(s) écrit(s) dans C:\Users\user\Desktop\st_community_poc\output\forums

[Forum-54] Collecte sur categoryId=54 (cible : 99999 items)...
[Forum-54] Page 1 : 100 items reçus.
[Forum-54] Page 2 : 100 items reçus.
[Forum-54] Page 2 : aucun item après 2026-06-30 -> arrêt anticipé.
[Forum-54] Terminé : 14/99999 items trouvés.
[OK] Forum-54 : 14 fichier(s) écrit(s) dans C:\Users\user\Desktop\st_community_poc\output\forums

[Forum-57] Collecte sur categoryId=57 (cible : 99999 items)...
[Forum-57] Page 1 : 100 items reçus.
[Forum-57] Page 2 : 100 items reçus.
[Forum-57] Page 2 : aucun item après 2026-06-30 -> arrêt anticipé.
[Forum-57] Terminé : 29/99999 items trouvés.
[OK] Forum-57 : 29 fichier(s) écrit(s) dans C:\Users\user\Desktop\st_community_poc\output\forums

[Forum-118] Collecte sur categoryId=118 (cible : 99999 items)...
[Forum-118] Page 1 : 100 items reçus.
[Forum-118] Page 2 : 100 items reçus.
[Forum-118] Page 2 : aucun item après 2026-06-30 -> arrêt anticipé.
[Forum-118] Terminé : 59/99999 items trouvés.
[OK] Forum-118 : 59 fichier(s) écrit(s) dans C:\Users\user\Desktop\st_community_poc\output\forums

[Forum-120] Collecte sur categoryId=120 (cible : 99999 items)...
[Forum-120] Page 1 : 100 items reçus.
[Forum-120] Page 2 : 100 items reçus.
[Forum-120] Page 2 : aucun item après 2026-06-30 -> arrêt anticipé.
[Forum-120] Terminé : 4/99999 items trouvés.
[OK] Forum-120 : 4 fichier(s) écrit(s) dans C:\Users\user\Desktop\st_community_poc\output\forums

[Forum-121] Collecte sur categoryId=121 (cible : 99999 items)...
[Forum-121] Page 1 : 100 items reçus.
[Forum-121] Page 2 : 100 items reçus.
[Forum-121] Page 2 : aucun item après 2026-06-30 -> arrêt anticipé.
[Forum-121] Terminé : 1/99999 items trouvés.
[OK] Forum-121 : 1 fichier(s) écrit(s) dans C:\Users\user\Desktop\st_community_poc\output\forums

[Forum-133] Collecte sur categoryId=133 (cible : 99999 items)...
[Forum-133] Page 1 : 100 items reçus.
[Forum-133] Page 2 : 100 items reçus.
[Forum-133] Page 2 : aucun item après 2026-06-30 -> arrêt anticipé.
[Forum-133] Terminé : 23/99999 items trouvés.
[OK] Forum-133 : 23 fichier(s) écrit(s) dans C:\Users\user\Desktop\st_community_poc\output\forums

[Forum-134] Collecte sur categoryId=134 (cible : 99999 items)...
[Forum-134] Page 1 : 100 items reçus.
[Forum-134] Page 2 : 100 items reçus.
[Forum-134] Page 2 : aucun item après 2026-06-30 -> arrêt anticipé.
[Forum-134] Terminé : 37/99999 items trouvés.
[OK] Forum-134 : 37 fichier(s) écrit(s) dans C:\Users\user\Desktop\st_community_poc\output\forums

[Forum-138] Collecte sur categoryId=138 (cible : 99999 items)...
[Forum-138] Page 1 : 100 items reçus.
[Forum-138] Page 2 : 100 items reçus.
[Forum-138] Page 2 : aucun item après 2026-06-30 -> arrêt anticipé.
[Forum-138] Terminé : 14/99999 items trouvés.
[OK] Forum-138 : 14 fichier(s) écrit(s) dans C:\Users\user\Desktop\st_community_poc\output\forums

[Forum-142] Collecte sur categoryId=142 (cible : 99999 items)...
[Forum-142] Page 1 : 100 items reçus.
[Forum-142] Page 2 : 100 items reçus.
[Forum-142] Page 2 : aucun item après 2026-06-30 -> arrêt anticipé.
[Forum-142] Terminé : 31/99999 items trouvés.
[OK] Forum-142 : 31 fichier(s) écrit(s) dans C:\Users\user\Desktop\st_community_poc\output\forums

[Forum-151] Collecte sur categoryId=151 (cible : 99999 items)...
[Forum-151] Page 1 : 78 items reçus.
[Forum-151] Page 2 vide -> fin de la catégorie 151.
[Forum-151] Terminé : 24/99999 items trouvés.
[OK] Forum-151 : 24 fichier(s) écrit(s) dans C:\Users\user\Desktop\st_community_poc\output\forums

[OK] Extraction terminée.
     Knowledge Base : 10 items extraits
     Forums         : 996 items extraits
     Résultat dans  : C:\Users\user\Desktop\st_community_poc\output
[OK] IDs extraits sauvegardés dans : C:\Users\user\Desktop\st_community_poc\logs\extracted_ids_20260812_134503.txt

--- ÉTAPE 3 : PRÉPARATION RAG ---
Démarrage du pipeline de préparation RAG...
[AUTH] Utilisation du token en cache (valide).

--- Traitement des Forums ---
Traitement du topic forum 166969...
Traitement du topic forum 166868...
Traitement du topic forum 167001...
Traitement du topic forum 166963...
Traitement du topic forum 166544...
Traitement du topic forum 166556...
Traitement du topic forum 166816...
Traitement du topic forum 166896...
Traitement du topic forum 167566...
Traitement du topic forum 166628...
Traitement du topic forum 166739...
Traitement du topic forum 166646...
Traitement du topic forum 167270...
Traitement du topic forum 166897...
Traitement du topic forum 166536...
Traitement du topic forum 166950...
Traitement du topic forum 166597...
Traitement du topic forum 167240...
Traitement du topic forum 167176...
Traitement du topic forum 167105...
Traitement du topic forum 166658...
Traitement du topic forum 166831...
Traitement du topic forum 166948...
Traitement du topic forum 166992...
Traitement du topic forum 166876...
Traitement du topic forum 166596...
Traitement du topic forum 167036...
Traitement du topic forum 166535...
Traitement du topic forum 166895...
Traitement du topic forum 166648...
Traitement du topic forum 167281...
Traitement du topic forum 166531...
Traitement du topic forum 167017...
Traitement du topic forum 167452...
Traitement du topic forum 167490...
Traitement du topic forum 166643...
Traitement du topic forum 166583...
Traitement du topic forum 166756...
Traitement du topic forum 166573...
Traitement du topic forum 166575...
Traitement du topic forum 166780...
Traitement du topic forum 167174...
Traitement du topic forum 166749...
Traitement du topic forum 166661...
Traitement du topic forum 166543...
Traitement du topic forum 167418...
Traitement du topic forum 167073...
Traitement du topic forum 167183...
Traitement du topic forum 166751...
Traitement du topic forum 166656...
Traitement du topic forum 166842...
Traitement du topic forum 166712...
Traitement du topic forum 166566...
Traitement du topic forum 166702...
Traitement du topic forum 166927...
Traitement du topic forum 166681...
Traitement du topic forum 167311...
Traitement du topic forum 167468...
Traitement du topic forum 166848...
Traitement du topic forum 166590...
Traitement du topic forum 167191...
Traitement du topic forum 167297...
Traitement du topic forum 167204...
Traitement du topic forum 166530...
Traitement du topic forum 166553...
Traitement du topic forum 167214...
Traitement du topic forum 166909...
Traitement du topic forum 167560...
Traitement du topic forum 166942...
Traitement du topic forum 167086...
Traitement du topic forum 166706...
Traitement du topic forum 166664...
Traitement du topic forum 167312...
Traitement du topic forum 166808...
Traitement du topic forum 166537...
Traitement du topic forum 166735...
Traitement du topic forum 167495...
Traitement du topic forum 166795...
Traitement du topic forum 166498...
Traitement du topic forum 166994...
Traitement du topic forum 167025...
Traitement du topic forum 167307...
Traitement du topic forum 166792...
Traitement du topic forum 167074...
Traitement du topic forum 166961...
Traitement du topic forum 166987...
Traitement du topic forum 166602...
Traitement du topic forum 166529...
Traitement du topic forum 166609...
Traitement du topic forum 166794...
Traitement du topic forum 167221...
Traitement du topic forum 166623...
Traitement du topic forum 167473...
Traitement du topic forum 167415...
Traitement du topic forum 166592...
Traitement du topic forum 166722...
Traitement du topic forum 167365...
Traitement du topic forum 167051...
Traitement du topic forum 167264...
Traitement du topic forum 166598...
Traitement du topic forum 166542...
Traitement du topic forum 166546...
Traitement du topic forum 166768...
Traitement du topic forum 167309...
Traitement du topic forum 166703...
Traitement du topic forum 167168...
Traitement du topic forum 167308...
Traitement du topic forum 166578...
Traitement du topic forum 166667...
Traitement du topic forum 166613...
Traitement du topic forum 167515...
Traitement du topic forum 166905...
Traitement du topic forum 166709...
Traitement du topic forum 166971...
Traitement du topic forum 167414...
Traitement du topic forum 167321...
Traitement du topic forum 167106...
Traitement du topic forum 167011...
Traitement du topic forum 166557...
Traitement du topic forum 166923...
Traitement du topic forum 166518...
Traitement du topic forum 166988...
Traitement du topic forum 166593...
Traitement du topic forum 167411...
Traitement du topic forum 167351...
Traitement du topic forum 167210...
Traitement du topic forum 167433...
Traitement du topic forum 167509...
Traitement du topic forum 167529...
Traitement du topic forum 166884...
Traitement du topic forum 167249...
Traitement du topic forum 166698...
Traitement du topic forum 167296...
Traitement du topic forum 166673...
Traitement du topic forum 167274...
Traitement du topic forum 166890...
Traitement du topic forum 167517...
Traitement du topic forum 166873...
Traitement du topic forum 167099...
Traitement du topic forum 166632...
Traitement du topic forum 166846...
Traitement du topic forum 167129...
Traitement du topic forum 167125...
Traitement du topic forum 166693...
Traitement du topic forum 167024...
Traitement du topic forum 167241...
Traitement du topic forum 166822...
Traitement du topic forum 166886...
Traitement du topic forum 167245...
Traitement du topic forum 166810...
Traitement du topic forum 166951...
Traitement du topic forum 167451...
Traitement du topic forum 166944...
Traitement du topic forum 166606...
Traitement du topic forum 167123...
Traitement du topic forum 166584...
Traitement du topic forum 166528...
Traitement du topic forum 167499...
Traitement du topic forum 166747...
Traitement du topic forum 166799...
Traitement du topic forum 166900...
Traitement du topic forum 167187...
Traitement du topic forum 166668...
Traitement du topic forum 167485...
Traitement du topic forum 166837...
Traitement du topic forum 166759...
Traitement du topic forum 166861...
Traitement du topic forum 166564...
Traitement du topic forum 167237...
Traitement du topic forum 166925...
Traitement du topic forum 166718...
Traitement du topic forum 166917...
Traitement du topic forum 166550...
Traitement du topic forum 167203...
Traitement du topic forum 167223...
Traitement du topic forum 166563...
Traitement du topic forum 166734...
Traitement du topic forum 167234...
Traitement du topic forum 166966...
Traitement du topic forum 166745...
Traitement du topic forum 166883...
Traitement du topic forum 167559...
Traitement du topic forum 166819...
Traitement du topic forum 166692...
Traitement du topic forum 166660...
Traitement du topic forum 166510...
Traitement du topic forum 167019...
Traitement du topic forum 166511...
Traitement du topic forum 166514...
Traitement du topic forum 167072...
Traitement du topic forum 167196...
Traitement du topic forum 167246...
Traitement du topic forum 167248...
Traitement du topic forum 166558...
Traitement du topic forum 166509...
Traitement du topic forum 166513...
Traitement du topic forum 167355...
Traitement du topic forum 167347...
Traitement du topic forum 167098...
Traitement du topic forum 167127...
Traitement du topic forum 166647...
Traitement du topic forum 166767...
Traitement du topic forum 166642...
Traitement du topic forum 166545...
Traitement du topic forum 166721...
Traitement du topic forum 166551...
Traitement du topic forum 167363...
Traitement du topic forum 166701...
Traitement du topic forum 166743...
Traitement du topic forum 166650...
Traitement du topic forum 166560...
Traitement du topic forum 166906...
Traitement du topic forum 167135...
Traitement du topic forum 166973...
Traitement du topic forum 167057...
Traitement du topic forum 167190...
Traitement du topic forum 167052...
Traitement du topic forum 166778...
Traitement du topic forum 167525...
Traitement du topic forum 166665...
Traitement du topic forum 166649...
Traitement du topic forum 167029...
Traitement du topic forum 166713...
Traitement du topic forum 167075...
Traitement du topic forum 167009...
Traitement du topic forum 167493...
Traitement du topic forum 167421...
Traitement du topic forum 167367...
Traitement du topic forum 166651...
Traitement du topic forum 166864...
Traitement du topic forum 166901...
Traitement du topic forum 166695...
Traitement du topic forum 166534...
Traitement du topic forum 167020...
Traitement du topic forum 167064...
Traitement du topic forum 166899...
Traitement du topic forum 166840...
Traitement du topic forum 166625...
Traitement du topic forum 167396...
Traitement du topic forum 167395...
Traitement du topic forum 167173...
Traitement du topic forum 166569...
Traitement du topic forum 166928...
Traitement du topic forum 166520...
Traitement du topic forum 166924...
Traitement du topic forum 166567...
Traitement du topic forum 166839...
Traitement du topic forum 167467...
Traitement du topic forum 166853...
Traitement du topic forum 166655...
Traitement du topic forum 167523...
Traitement du topic forum 166694...
Traitement du topic forum 166565...
Traitement du topic forum 166576...
Traitement du topic forum 167186...
Traitement du topic forum 166525...
Traitement du topic forum 167032...
Traitement du topic forum 167040...
Traitement du topic forum 166579...
Traitement du topic forum 166972...
Traitement du topic forum 167483...
Traitement du topic forum 166903...
Traitement du topic forum 166904...
Traitement du topic forum 167059...
Traitement du topic forum 167459...
Traitement du topic forum 166572...
Traitement du topic forum 166930...
Traitement du topic forum 167437...
Traitement du topic forum 167359...
Traitement du topic forum 166616...
Traitement du topic forum 166652...
Traitement du topic forum 167322...
Traitement du topic forum 166587...
Traitement du topic forum 167013...
Traitement du topic forum 166908...
Traitement du topic forum 166787...
Traitement du topic forum 167095...
Traitement du topic forum 167408...
Traitement du topic forum 166856...
Traitement du topic forum 166813...
Traitement du topic forum 167128...
Traitement du topic forum 167071...
Traitement du topic forum 166669...
Traitement du topic forum 166555...
Traitement du topic forum 166858...
Traitement du topic forum 166977...
Traitement du topic forum 167362...
Traitement du topic forum 167606...
Traitement du topic forum 166809...
Traitement du topic forum 166807...
Traitement du topic forum 167002...
Traitement du topic forum 167034...
Traitement du topic forum 167010...
Traitement du topic forum 166519...
Traitement du topic forum 167310...
Traitement du topic forum 166674...
Traitement du topic forum 166539...
Traitement du topic forum 166691...
Traitement du topic forum 167279...
Traitement du topic forum 166844...
Traitement du topic forum 167043...
Traitement du topic forum 166754...
Traitement du topic forum 166516...
Traitement du topic forum 167000...
Traitement du topic forum 166737...
  -> 305 sujets de forum préparés pour le RAG.
     Taux de résolution : 30.6%
     Réponses totales   : 672 | Moyenne : 2.2 | Max : 19
     Post le + répondu  : USB microphone to H743 host streams mic then data freezes

--- Traitement de la Knowledge Base ---
  -> 10 articles préparés pour le RAG.

=======================================================
  RÉSUMÉ DE LA PRÉPARATION RAG
=======================================================
  Durée                  : 3.4 sec
  Fichiers analysés      : 1006
  Acceptés (RAG-ready)   : 315 (31.3%)
  Rejetés                : 691
  --- Forums ---
  Acceptés               : 305 (30.6%)
  Sans best answer       : 691 (69.4%)
  Trop anciens           : 0 (0.0%)
  Total réponses         : 672
  Moy. réponses/post     : 2.2
  Min/Max réponses       : 1 / 19
  Total vues forums      : 28013 | Moy: 91.85
  Distrib. réponses      : 0=0  1=139  2-5=151  6+=15
  Post + répondu         : USB microphone to H743 host streams mic then data freez (19 rép.)
  --- Knowledge Base ---
  Acceptés               : 10 (100.0%)
  Trop anciens           : 0 (0.0%)
=======================================================

==================================================
   PIPELINE TERMINÉ AVEC SUCCÈS
   Durée totale : 212.3 secondes
   KPIs sauvegardés dans : C:\Users\user\Desktop\st_community_poc\logs\pipeline_stats_20260812_134334.json
   Dashboard mis à jour : C:\Users\user\Desktop\st_community_poc\Dashboard\latest_stats.json
==================================================

